2020-07-13 13:59:52 DEBUG StandardEnvironment:252 - Activating profiles []
2020-07-13 13:59:52 DEBUG StandardEnvironment:252 - Activating profiles []
2020-07-13 13:59:52 DEBUG ClasspathLoggingApplicationListener:51 - Application started with classpath: [file:/C:/Program%20Files/Java/jdk1.8.0_131/jre/lib/charsets.jar, file:/C:/Program%20Files/Java/jdk1.8.0_131/jre/lib/deploy.jar, file:/C:/Program%20Files/Java/jdk1.8.0_131/jre/lib/ext/access-bridge-64.jar, file:/C:/Program%20Files/Java/jdk1.8.0_131/jre/lib/ext/cldrdata.jar, file:/C:/Program%20Files/Java/jdk1.8.0_131/jre/lib/ext/dnsns.jar, file:/C:/Program%20Files/Java/jdk1.8.0_131/jre/lib/ext/jaccess.jar, file:/C:/Program%20Files/Java/jdk1.8.0_131/jre/lib/ext/jfxrt.jar, file:/C:/Program%20Files/Java/jdk1.8.0_131/jre/lib/ext/localedata.jar, file:/C:/Program%20Files/Java/jdk1.8.0_131/jre/lib/ext/nashorn.jar, file:/C:/Program%20Files/Java/jdk1.8.0_131/jre/lib/ext/sunec.jar, file:/C:/Program%20Files/Java/jdk1.8.0_131/jre/lib/ext/sunjce_provider.jar, file:/C:/Program%20Files/Java/jdk1.8.0_131/jre/lib/ext/sunmscapi.jar, file:/C:/Program%20Files/Java/jdk1.8.0_131/jre/lib/ext/sunpkcs11.jar, file:/C:/Program%20Files/Java/jdk1.8.0_131/jre/lib/ext/zipfs.jar, file:/C:/Program%20Files/Java/jdk1.8.0_131/jre/lib/javaws.jar, file:/C:/Program%20Files/Java/jdk1.8.0_131/jre/lib/jce.jar, file:/C:/Program%20Files/Java/jdk1.8.0_131/jre/lib/jfr.jar, file:/C:/Program%20Files/Java/jdk1.8.0_131/jre/lib/jfxswt.jar, file:/C:/Program%20Files/Java/jdk1.8.0_131/jre/lib/jsse.jar, file:/C:/Program%20Files/Java/jdk1.8.0_131/jre/lib/management-agent.jar, file:/C:/Program%20Files/Java/jdk1.8.0_131/jre/lib/plugin.jar, file:/C:/Program%20Files/Java/jdk1.8.0_131/jre/lib/resources.jar, file:/C:/Program%20Files/Java/jdk1.8.0_131/jre/lib/rt.jar, file:/C:/Program%20Files%20(x86)/scala/lib/jline-3.14.1.jar, file:/C:/Program%20Files%20(x86)/scala/lib/jna-5.3.1.jar, file:/C:/Program%20Files%20(x86)/scala/lib/scala-compiler.jar, file:/C:/Program%20Files%20(x86)/scala/lib/scala-library.jar, file:/C:/Program%20Files%20(x86)/scala/lib/scala-reflect.jar, file:/C:/Program%20Files%20(x86)/scala/lib/scalap-2.13.2.jar, file:/E:/workspace/gitbook/zythum/spring-boot/target/classes/, file:/E:/maven/org/springframework/boot/spring-boot-autoconfigure/2.1.8.RELEASE/spring-boot-autoconfigure-2.1.8.RELEASE.jar, file:/E:/maven/org/springframework/boot/spring-boot/2.1.8.RELEASE/spring-boot-2.1.8.RELEASE.jar, file:/E:/maven/org/springframework/spring-core/5.1.9.RELEASE/spring-core-5.1.9.RELEASE.jar, file:/E:/maven/org/springframework/spring-jcl/5.1.9.RELEASE/spring-jcl-5.1.9.RELEASE.jar, file:/E:/maven/org/springframework/spring-context/5.1.9.RELEASE/spring-context-5.1.9.RELEASE.jar, file:/E:/maven/org/springframework/spring-aop/5.1.9.RELEASE/spring-aop-5.1.9.RELEASE.jar, file:/E:/maven/org/springframework/spring-beans/5.1.9.RELEASE/spring-beans-5.1.9.RELEASE.jar, file:/E:/maven/org/springframework/spring-expression/5.1.9.RELEASE/spring-expression-5.1.9.RELEASE.jar, file:/E:/maven/org/projectlombok/lombok/1.18.8/lombok-1.18.8.jar, file:/E:/maven/org/slf4j/slf4j-log4j12/1.7.25/slf4j-log4j12-1.7.25.jar, file:/E:/maven/org/slf4j/slf4j-api/1.7.25/slf4j-api-1.7.25.jar, file:/E:/maven/log4j/log4j/1.2.17/log4j-1.2.17.jar, file:/C:/Program%20Files/JetBrains/IntelliJ%20IDEA%202018.3.6/lib/idea_rt.jar]
2020-07-13 13:59:53 INFO  StartApplication:50 - Starting StartApplication on DESKTOP-9UT61AG with PID 36688 (E:\workspace\gitbook\zythum\spring-boot\target\classes started by eversec in E:\workspace\gitbook)
2020-07-13 13:59:53 DEBUG StartApplication:53 - Running with Spring Boot v2.1.8.RELEASE, Spring v5.1.9.RELEASE
2020-07-13 13:59:53 INFO  StartApplication:648 - No active profile set, falling back to default profiles: default
2020-07-13 13:59:53 DEBUG SpringApplication:676 - Loading source class pwd.spring.boot.start.StartApplication
2020-07-13 13:59:53 DEBUG AnnotationConfigApplicationContext:594 - Refreshing org.springframework.context.annotation.AnnotationConfigApplicationContext@782663d3
2020-07-13 13:59:53 DEBUG DefaultListableBeanFactory:213 - Creating shared instance of singleton bean 'org.springframework.context.annotation.internalConfigurationAnnotationProcessor'
2020-07-13 13:59:53 DEBUG DefaultListableBeanFactory:213 - Creating shared instance of singleton bean 'org.springframework.boot.autoconfigure.internalCachingMetadataReaderFactory'
2020-07-13 13:59:53 DEBUG ClassPathBeanDefinitionScanner:437 - Identified candidate component class: file [E:\workspace\gitbook\zythum\spring-boot\target\classes\pwd\spring\boot\start\StartService.class]
2020-07-13 13:59:53 DEBUG DefaultListableBeanFactory:213 - Creating shared instance of singleton bean 'org.springframework.boot.autoconfigure.condition.BeanTypeRegistry'
2020-07-13 13:59:53 DEBUG DefaultListableBeanFactory:213 - Creating shared instance of singleton bean 'propertySourcesPlaceholderConfigurer'
2020-07-13 13:59:53 DEBUG DefaultListableBeanFactory:213 - Creating shared instance of singleton bean 'org.springframework.context.event.internalEventListenerProcessor'
2020-07-13 13:59:53 DEBUG DefaultListableBeanFactory:213 - Creating shared instance of singleton bean 'org.springframework.boot.context.properties.ConfigurationBeanFactoryMetadata'
2020-07-13 13:59:53 DEBUG DefaultListableBeanFactory:213 - Creating shared instance of singleton bean 'org.springframework.context.event.internalEventListenerFactory'
2020-07-13 13:59:53 DEBUG DefaultListableBeanFactory:213 - Creating shared instance of singleton bean 'org.springframework.context.annotation.internalAutowiredAnnotationProcessor'
2020-07-13 13:59:53 DEBUG DefaultListableBeanFactory:213 - Creating shared instance of singleton bean 'org.springframework.context.annotation.internalCommonAnnotationProcessor'
2020-07-13 13:59:53 DEBUG DefaultListableBeanFactory:213 - Creating shared instance of singleton bean 'org.springframework.boot.context.properties.ConfigurationPropertiesBindingPostProcessor'
2020-07-13 13:59:53 DEBUG DefaultListableBeanFactory:213 - Creating shared instance of singleton bean 'startApplication'
2020-07-13 13:59:53 DEBUG DefaultListableBeanFactory:213 - Creating shared instance of singleton bean 'startService'
2020-07-13 13:59:53 DEBUG DefaultListableBeanFactory:213 - Creating shared instance of singleton bean 'org.springframework.boot.autoconfigure.AutoConfigurationPackages'
2020-07-13 13:59:53 DEBUG DefaultListableBeanFactory:213 - Creating shared instance of singleton bean 'org.springframework.boot.autoconfigure.context.PropertyPlaceholderAutoConfiguration'
2020-07-13 13:59:53 DEBUG DefaultListableBeanFactory:213 - Creating shared instance of singleton bean 'org.springframework.boot.autoconfigure.jmx.JmxAutoConfiguration'
2020-07-13 13:59:53 DEBUG DefaultListableBeanFactory:213 - Creating shared instance of singleton bean 'mbeanExporter'
2020-07-13 13:59:53 DEBUG DefaultListableBeanFactory:213 - Creating shared instance of singleton bean 'objectNamingStrategy'
2020-07-13 13:59:53 DEBUG DefaultListableBeanFactory:777 - Autowiring by type from bean name 'mbeanExporter' via factory method to bean named 'objectNamingStrategy'
2020-07-13 13:59:53 DEBUG DefaultListableBeanFactory:213 - Creating shared instance of singleton bean 'mbeanServer'
2020-07-13 13:59:53 DEBUG JmxUtils:126 - Found MBeanServer: com.sun.jmx.mbeanserver.JmxMBeanServer@dc7df28
2020-07-13 13:59:53 DEBUG DefaultListableBeanFactory:213 - Creating shared instance of singleton bean 'org.springframework.boot.autoconfigure.context.ConfigurationPropertiesAutoConfiguration'
2020-07-13 13:59:53 DEBUG DefaultListableBeanFactory:213 - Creating shared instance of singleton bean 'org.springframework.boot.autoconfigure.info.ProjectInfoAutoConfiguration'
2020-07-13 13:59:53 DEBUG LocalVariableTableParameterNameDiscoverer:108 - Cannot find '.class' file for class [class org.springframework.boot.autoconfigure.info.ProjectInfoAutoConfiguration$$EnhancerBySpringCGLIB$$cc9ad5a] - unable to determine constructor/method parameter names
2020-07-13 13:59:53 DEBUG DefaultListableBeanFactory:213 - Creating shared instance of singleton bean 'spring.info-org.springframework.boot.autoconfigure.info.ProjectInfoProperties'
2020-07-13 13:59:53 DEBUG DefaultListableBeanFactory:777 - Autowiring by type from bean name 'org.springframework.boot.autoconfigure.info.ProjectInfoAutoConfiguration' via constructor to bean named 'spring.info-org.springframework.boot.autoconfigure.info.ProjectInfoProperties'
2020-07-13 13:59:53 DEBUG DefaultListableBeanFactory:213 - Creating shared instance of singleton bean 'org.springframework.boot.autoconfigure.task.TaskExecutionAutoConfiguration'
2020-07-13 13:59:53 DEBUG LocalVariableTableParameterNameDiscoverer:108 - Cannot find '.class' file for class [class org.springframework.boot.autoconfigure.task.TaskExecutionAutoConfiguration$$EnhancerBySpringCGLIB$$5c6f3917] - unable to determine constructor/method parameter names
2020-07-13 13:59:53 DEBUG DefaultListableBeanFactory:213 - Creating shared instance of singleton bean 'spring.task.execution-org.springframework.boot.autoconfigure.task.TaskExecutionProperties'
2020-07-13 13:59:53 DEBUG DefaultListableBeanFactory:777 - Autowiring by type from bean name 'org.springframework.boot.autoconfigure.task.TaskExecutionAutoConfiguration' via constructor to bean named 'spring.task.execution-org.springframework.boot.autoconfigure.task.TaskExecutionProperties'
2020-07-13 13:59:53 DEBUG DefaultListableBeanFactory:213 - Creating shared instance of singleton bean 'taskExecutorBuilder'
2020-07-13 13:59:53 DEBUG DefaultListableBeanFactory:213 - Creating shared instance of singleton bean 'org.springframework.boot.autoconfigure.task.TaskSchedulingAutoConfiguration'
2020-07-13 13:59:53 DEBUG DefaultListableBeanFactory:213 - Creating shared instance of singleton bean 'taskSchedulerBuilder'
2020-07-13 13:59:53 DEBUG DefaultListableBeanFactory:213 - Creating shared instance of singleton bean 'spring.task.scheduling-org.springframework.boot.autoconfigure.task.TaskSchedulingProperties'
2020-07-13 13:59:53 DEBUG DefaultListableBeanFactory:777 - Autowiring by type from bean name 'taskSchedulerBuilder' via factory method to bean named 'spring.task.scheduling-org.springframework.boot.autoconfigure.task.TaskSchedulingProperties'
2020-07-13 13:59:53 DEBUG AnnotationMBeanExporter:433 - Registering beans for JMX exposure on startup
2020-07-13 13:59:53 DEBUG AnnotationMBeanExporter:540 - Autodetecting user-defined JMX MBeans
2020-07-13 13:59:54 DEBUG ConditionEvaluationReportLoggingListener:126 - 


============================
CONDITIONS EVALUATION REPORT
============================


Positive matches:
-----------------

   GenericCacheConfiguration matched:
      - Cache org.springframework.boot.autoconfigure.cache.GenericCacheConfiguration automatic cache type (CacheCondition)

   JmxAutoConfiguration matched:
      - @ConditionalOnClass found required class 'org.springframework.jmx.export.MBeanExporter' (OnClassCondition)
      - @ConditionalOnProperty (spring.jmx.enabled=true) matched (OnPropertyCondition)

   JmxAutoConfiguration#mbeanExporter matched:
      - @ConditionalOnMissingBean (types: org.springframework.jmx.export.MBeanExporter; SearchStrategy: current) did not find any beans (OnBeanCondition)

   JmxAutoConfiguration#mbeanServer matched:
      - @ConditionalOnMissingBean (types: javax.management.MBeanServer; SearchStrategy: all) did not find any beans (OnBeanCondition)

   JmxAutoConfiguration#objectNamingStrategy matched:
      - @ConditionalOnMissingBean (types: org.springframework.jmx.export.naming.ObjectNamingStrategy; SearchStrategy: current) did not find any beans (OnBeanCondition)

   NoOpCacheConfiguration matched:
      - Cache org.springframework.boot.autoconfigure.cache.NoOpCacheConfiguration automatic cache type (CacheCondition)

   PropertyPlaceholderAutoConfiguration#propertySourcesPlaceholderConfigurer matched:
      - @ConditionalOnMissingBean (types: org.springframework.context.support.PropertySourcesPlaceholderConfigurer; SearchStrategy: current) did not find any beans (OnBeanCondition)

   SimpleCacheConfiguration matched:
      - Cache org.springframework.boot.autoconfigure.cache.SimpleCacheConfiguration automatic cache type (CacheCondition)

   TaskExecutionAutoConfiguration matched:
      - @ConditionalOnClass found required class 'org.springframework.scheduling.concurrent.ThreadPoolTaskExecutor' (OnClassCondition)

   TaskExecutionAutoConfiguration#applicationTaskExecutor matched:
      - @ConditionalOnMissingBean (types: java.util.concurrent.Executor; SearchStrategy: all) did not find any beans (OnBeanCondition)

   TaskExecutionAutoConfiguration#taskExecutorBuilder matched:
      - @ConditionalOnMissingBean (types: org.springframework.boot.task.TaskExecutorBuilder; SearchStrategy: all) did not find any beans (OnBeanCondition)

   TaskSchedulingAutoConfiguration matched:
      - @ConditionalOnClass found required class 'org.springframework.scheduling.concurrent.ThreadPoolTaskScheduler' (OnClassCondition)

   TaskSchedulingAutoConfiguration#taskSchedulerBuilder matched:
      - @ConditionalOnMissingBean (types: org.springframework.boot.task.TaskSchedulerBuilder; SearchStrategy: all) did not find any beans (OnBeanCondition)


Negative matches:
-----------------

   ActiveMQAutoConfiguration:
      Did not match:
         - @ConditionalOnClass did not find required class 'javax.jms.ConnectionFactory' (OnClassCondition)

   AopAutoConfiguration:
      Did not match:
         - @ConditionalOnClass did not find required class 'org.aspectj.lang.annotation.Aspect' (OnClassCondition)

   ArtemisAutoConfiguration:
      Did not match:
         - @ConditionalOnClass did not find required class 'javax.jms.ConnectionFactory' (OnClassCondition)

   BatchAutoConfiguration:
      Did not match:
         - @ConditionalOnClass did not find required class 'org.springframework.batch.core.launch.JobLauncher' (OnClassCondition)

   CacheAutoConfiguration:
      Did not match:
         - @ConditionalOnBean (types: org.springframework.cache.interceptor.CacheAspectSupport; SearchStrategy: all) did not find any beans of type org.springframework.cache.interceptor.CacheAspectSupport (OnBeanCondition)
      Matched:
         - @ConditionalOnClass found required class 'org.springframework.cache.CacheManager' (OnClassCondition)

   CacheAutoConfiguration.CacheManagerJpaDependencyConfiguration:
      Did not match:
         - @ConditionalOnClass did not find required class 'org.springframework.orm.jpa.LocalContainerEntityManagerFactoryBean' (OnClassCondition)
         - Ancestor org.springframework.boot.autoconfigure.cache.CacheAutoConfiguration did not match (ConditionEvaluationReport.AncestorsMatchedCondition)

   CaffeineCacheConfiguration:
      Did not match:
         - @ConditionalOnClass did not find required classes 'com.github.benmanes.caffeine.cache.Caffeine', 'org.springframework.cache.caffeine.CaffeineCacheManager' (OnClassCondition)

   CassandraAutoConfiguration:
      Did not match:
         - @ConditionalOnClass did not find required class 'com.datastax.driver.core.Cluster' (OnClassCondition)

   CassandraDataAutoConfiguration:
      Did not match:
         - @ConditionalOnClass did not find required class 'com.datastax.driver.core.Cluster' (OnClassCondition)

   CassandraReactiveDataAutoConfiguration:
      Did not match:
         - @ConditionalOnClass did not find required class 'com.datastax.driver.core.Cluster' (OnClassCondition)

   CassandraReactiveRepositoriesAutoConfiguration:
      Did not match:
         - @ConditionalOnClass did not find required class 'org.springframework.data.cassandra.ReactiveSession' (OnClassCondition)

   CassandraRepositoriesAutoConfiguration:
      Did not match:
         - @ConditionalOnClass did not find required class 'com.datastax.driver.core.Session' (OnClassCondition)

   ClientHttpConnectorAutoConfiguration:
      Did not match:
         - @ConditionalOnClass did not find required class 'org.springframework.web.reactive.function.client.WebClient' (OnClassCondition)

   CloudServiceConnectorsAutoConfiguration:
      Did not match:
         - @ConditionalOnClass did not find required class 'org.springframework.cloud.config.java.CloudScanConfiguration' (OnClassCondition)

   CodecsAutoConfiguration:
      Did not match:
         - @ConditionalOnClass did not find required class 'org.springframework.http.codec.CodecConfigurer' (OnClassCondition)

   CouchbaseAutoConfiguration:
      Did not match:
         - @ConditionalOnClass did not find required class 'com.couchbase.client.java.Cluster' (OnClassCondition)

   CouchbaseCacheConfiguration:
      Did not match:
         - @ConditionalOnClass did not find required classes 'com.couchbase.client.java.Bucket', 'com.couchbase.client.spring.cache.CouchbaseCacheManager' (OnClassCondition)

   CouchbaseDataAutoConfiguration:
      Did not match:
         - @ConditionalOnClass did not find required class 'com.couchbase.client.java.Bucket' (OnClassCondition)

   CouchbaseReactiveDataAutoConfiguration:
      Did not match:
         - @ConditionalOnClass did not find required class 'com.couchbase.client.java.Bucket' (OnClassCondition)

   CouchbaseReactiveRepositoriesAutoConfiguration:
      Did not match:
         - @ConditionalOnClass did not find required class 'com.couchbase.client.java.Bucket' (OnClassCondition)

   CouchbaseRepositoriesAutoConfiguration:
      Did not match:
         - @ConditionalOnClass did not find required class 'com.couchbase.client.java.Bucket' (OnClassCondition)

   DataSourceAutoConfiguration:
      Did not match:
         - @ConditionalOnClass did not find required class 'org.springframework.jdbc.datasource.embedded.EmbeddedDatabaseType' (OnClassCondition)

   DataSourceTransactionManagerAutoConfiguration:
      Did not match:
         - @ConditionalOnClass did not find required class 'org.springframework.jdbc.core.JdbcTemplate' (OnClassCondition)

   DispatcherServletAutoConfiguration:
      Did not match:
         - @ConditionalOnClass did not find required class 'org.springframework.web.servlet.DispatcherServlet' (OnClassCondition)

   EhCacheCacheConfiguration:
      Did not match:
         - @ConditionalOnClass did not find required classes 'net.sf.ehcache.Cache', 'org.springframework.cache.ehcache.EhCacheCacheManager' (OnClassCondition)

   ElasticsearchAutoConfiguration:
      Did not match:
         - @ConditionalOnClass did not find required class 'org.elasticsearch.client.Client' (OnClassCondition)

   ElasticsearchDataAutoConfiguration:
      Did not match:
         - @ConditionalOnClass did not find required class 'org.elasticsearch.client.Client' (OnClassCondition)

   ElasticsearchRepositoriesAutoConfiguration:
      Did not match:
         - @ConditionalOnClass did not find required class 'org.elasticsearch.client.Client' (OnClassCondition)

   EmbeddedLdapAutoConfiguration:
      Did not match:
         - @ConditionalOnClass did not find required class 'com.unboundid.ldap.listener.InMemoryDirectoryServer' (OnClassCondition)

   EmbeddedMongoAutoConfiguration:
      Did not match:
         - @ConditionalOnClass did not find required class 'com.mongodb.MongoClient' (OnClassCondition)

   EmbeddedWebServerFactoryCustomizerAutoConfiguration:
      Did not match:
         - @ConditionalOnWebApplication did not find reactive or servlet web application classes (OnWebApplicationCondition)

   ErrorMvcAutoConfiguration:
      Did not match:
         - @ConditionalOnClass did not find required class 'javax.servlet.Servlet' (OnClassCondition)

   ErrorWebFluxAutoConfiguration:
      Did not match:
         - @ConditionalOnClass did not find required class 'org.springframework.web.reactive.config.WebFluxConfigurer' (OnClassCondition)

   FlywayAutoConfiguration:
      Did not match:
         - @ConditionalOnClass did not find required class 'org.flywaydb.core.Flyway' (OnClassCondition)

   FreeMarkerAutoConfiguration:
      Did not match:
         - @ConditionalOnClass did not find required class 'freemarker.template.Configuration' (OnClassCondition)

   GroovyTemplateAutoConfiguration:
      Did not match:
         - @ConditionalOnClass did not find required class 'groovy.text.markup.MarkupTemplateEngine' (OnClassCondition)

   GsonAutoConfiguration:
      Did not match:
         - @ConditionalOnClass did not find required class 'com.google.gson.Gson' (OnClassCondition)

   H2ConsoleAutoConfiguration:
      Did not match:
         - @ConditionalOnClass did not find required class 'org.h2.server.web.WebServlet' (OnClassCondition)

   HazelcastAutoConfiguration:
      Did not match:
         - @ConditionalOnClass did not find required class 'com.hazelcast.core.HazelcastInstance' (OnClassCondition)

   HazelcastCacheConfiguration:
      Did not match:
         - @ConditionalOnClass did not find required classes 'com.hazelcast.core.HazelcastInstance', 'com.hazelcast.spring.cache.HazelcastCacheManager' (OnClassCondition)

   HazelcastJpaDependencyAutoConfiguration:
      Did not match:
         - @ConditionalOnClass did not find required class 'com.hazelcast.core.HazelcastInstance' (OnClassCondition)

   HibernateJpaAutoConfiguration:
      Did not match:
         - @ConditionalOnClass did not find required class 'javax.persistence.EntityManager' (OnClassCondition)

   HttpEncodingAutoConfiguration:
      Did not match:
         - @ConditionalOnClass did not find required class 'org.springframework.web.filter.CharacterEncodingFilter' (OnClassCondition)

   HttpHandlerAutoConfiguration:
      Did not match:
         - @ConditionalOnClass did not find required class 'org.springframework.http.server.reactive.HttpHandler' (OnClassCondition)

   HttpMessageConvertersAutoConfiguration:
      Did not match:
         - @ConditionalOnClass did not find required class 'org.springframework.http.converter.HttpMessageConverter' (OnClassCondition)

   HypermediaAutoConfiguration:
      Did not match:
         - @ConditionalOnClass did not find required class 'org.springframework.hateoas.Resource' (OnClassCondition)

   InfinispanCacheConfiguration:
      Did not match:
         - @ConditionalOnClass did not find required class 'org.infinispan.spring.provider.SpringEmbeddedCacheManager' (OnClassCondition)

   InfluxDbAutoConfiguration:
      Did not match:
         - @ConditionalOnClass did not find required class 'org.influxdb.InfluxDB' (OnClassCondition)

   IntegrationAutoConfiguration:
      Did not match:
         - @ConditionalOnClass did not find required class 'org.springframework.integration.config.EnableIntegration' (OnClassCondition)

   JCacheCacheConfiguration:
      Did not match:
         - @ConditionalOnClass did not find required classes 'javax.cache.Caching', 'org.springframework.cache.jcache.JCacheCacheManager' (OnClassCondition)

   JacksonAutoConfiguration:
      Did not match:
         - @ConditionalOnClass did not find required class 'com.fasterxml.jackson.databind.ObjectMapper' (OnClassCondition)

   JdbcRepositoriesAutoConfiguration:
      Did not match:
         - @ConditionalOnClass did not find required class 'org.springframework.data.jdbc.repository.config.JdbcConfiguration' (OnClassCondition)

   JdbcTemplateAutoConfiguration:
      Did not match:
         - @ConditionalOnClass did not find required class 'org.springframework.jdbc.core.JdbcTemplate' (OnClassCondition)

   JerseyAutoConfiguration:
      Did not match:
         - @ConditionalOnClass did not find required class 'javax.servlet.ServletRegistration' (OnClassCondition)

   JestAutoConfiguration:
      Did not match:
         - @ConditionalOnClass did not find required class 'io.searchbox.client.JestClient' (OnClassCondition)

   JmsAutoConfiguration:
      Did not match:
         - @ConditionalOnClass did not find required class 'javax.jms.Message' (OnClassCondition)

   JndiConnectionFactoryAutoConfiguration:
      Did not match:
         - @ConditionalOnClass did not find required class 'org.springframework.jms.core.JmsTemplate' (OnClassCondition)

   JndiDataSourceAutoConfiguration:
      Did not match:
         - @ConditionalOnClass did not find required class 'org.springframework.jdbc.datasource.embedded.EmbeddedDatabaseType' (OnClassCondition)

   JooqAutoConfiguration:
      Did not match:
         - @ConditionalOnClass did not find required class 'org.jooq.DSLContext' (OnClassCondition)

   JpaRepositoriesAutoConfiguration:
      Did not match:
         - @ConditionalOnClass did not find required class 'org.springframework.data.jpa.repository.JpaRepository' (OnClassCondition)

   JsonbAutoConfiguration:
      Did not match:
         - @ConditionalOnClass did not find required class 'javax.json.bind.Jsonb' (OnClassCondition)

   JtaAutoConfiguration:
      Did not match:
         - @ConditionalOnClass did not find required class 'javax.transaction.Transaction' (OnClassCondition)

   KafkaAutoConfiguration:
      Did not match:
         - @ConditionalOnClass did not find required class 'org.springframework.kafka.core.KafkaTemplate' (OnClassCondition)

   LdapAutoConfiguration:
      Did not match:
         - @ConditionalOnClass did not find required class 'org.springframework.ldap.core.ContextSource' (OnClassCondition)

   LdapRepositoriesAutoConfiguration:
      Did not match:
         - @ConditionalOnClass did not find required class 'org.springframework.data.ldap.repository.LdapRepository' (OnClassCondition)

   LiquibaseAutoConfiguration:
      Did not match:
         - @ConditionalOnClass did not find required class 'liquibase.change.DatabaseChange' (OnClassCondition)

   MailSenderAutoConfiguration:
      Did not match:
         - @ConditionalOnClass did not find required class 'javax.mail.internet.MimeMessage' (OnClassCondition)

   MailSenderValidatorAutoConfiguration:
      Did not match:
         - @ConditionalOnSingleCandidate did not find required type 'org.springframework.mail.javamail.JavaMailSenderImpl' (OnBeanCondition)

   MessageSourceAutoConfiguration:
      Did not match:
         - ResourceBundle did not find bundle with basename messages (MessageSourceAutoConfiguration.ResourceBundleCondition)

   MongoAutoConfiguration:
      Did not match:
         - @ConditionalOnClass did not find required class 'com.mongodb.MongoClient' (OnClassCondition)

   MongoDataAutoConfiguration:
      Did not match:
         - @ConditionalOnClass did not find required class 'com.mongodb.client.MongoClient' (OnClassCondition)

   MongoReactiveAutoConfiguration:
      Did not match:
         - @ConditionalOnClass did not find required class 'com.mongodb.reactivestreams.client.MongoClient' (OnClassCondition)

   MongoReactiveDataAutoConfiguration:
      Did not match:
         - @ConditionalOnClass did not find required class 'com.mongodb.reactivestreams.client.MongoClient' (OnClassCondition)

   MongoReactiveRepositoriesAutoConfiguration:
      Did not match:
         - @ConditionalOnClass did not find required class 'com.mongodb.reactivestreams.client.MongoClient' (OnClassCondition)

   MongoRepositoriesAutoConfiguration:
      Did not match:
         - @ConditionalOnClass did not find required class 'com.mongodb.MongoClient' (OnClassCondition)

   MultipartAutoConfiguration:
      Did not match:
         - @ConditionalOnClass did not find required class 'javax.servlet.MultipartConfigElement' (OnClassCondition)

   MustacheAutoConfiguration:
      Did not match:
         - @ConditionalOnClass did not find required class 'com.samskivert.mustache.Mustache' (OnClassCondition)

   Neo4jDataAutoConfiguration:
      Did not match:
         - @ConditionalOnClass did not find required class 'org.neo4j.ogm.session.SessionFactory' (OnClassCondition)

   Neo4jRepositoriesAutoConfiguration:
      Did not match:
         - @ConditionalOnClass did not find required class 'org.neo4j.ogm.session.Neo4jSession' (OnClassCondition)

   OAuth2ClientAutoConfiguration:
      Did not match:
         - @ConditionalOnClass did not find required class 'org.springframework.security.config.annotation.web.configuration.EnableWebSecurity' (OnClassCondition)

   OAuth2ResourceServerAutoConfiguration:
      Did not match:
         - @ConditionalOnClass did not find required class 'org.springframework.security.oauth2.jwt.JwtDecoder' (OnClassCondition)

   PersistenceExceptionTranslationAutoConfiguration:
      Did not match:
         - @ConditionalOnClass did not find required class 'org.springframework.dao.annotation.PersistenceExceptionTranslationPostProcessor' (OnClassCondition)

   ProjectInfoAutoConfiguration#buildProperties:
      Did not match:
         - @ConditionalOnResource did not find resource '${spring.info.build.location:classpath:META-INF/build-info.properties}' (OnResourceCondition)

   ProjectInfoAutoConfiguration#gitProperties:
      Did not match:
         - GitResource did not find git info at classpath:git.properties (ProjectInfoAutoConfiguration.GitResourceAvailableCondition)

   QuartzAutoConfiguration:
      Did not match:
         - @ConditionalOnClass did not find required class 'org.quartz.Scheduler' (OnClassCondition)

   RabbitAutoConfiguration:
      Did not match:
         - @ConditionalOnClass did not find required class 'com.rabbitmq.client.Channel' (OnClassCondition)

   ReactiveOAuth2ClientAutoConfiguration:
      Did not match:
         - @ConditionalOnClass did not find required class 'reactor.core.publisher.Flux' (OnClassCondition)

   ReactiveOAuth2ResourceServerAutoConfiguration:
      Did not match:
         - @ConditionalOnClass did not find required class 'org.springframework.security.config.annotation.web.reactive.EnableWebFluxSecurity' (OnClassCondition)

   ReactiveSecurityAutoConfiguration:
      Did not match:
         - @ConditionalOnClass did not find required class 'reactor.core.publisher.Flux' (OnClassCondition)

   ReactiveUserDetailsServiceAutoConfiguration:
      Did not match:
         - @ConditionalOnClass did not find required class 'org.springframework.security.authentication.ReactiveAuthenticationManager' (OnClassCondition)

   ReactiveWebServerFactoryAutoConfiguration:
      Did not match:
         - @ConditionalOnClass did not find required class 'org.springframework.http.ReactiveHttpInputMessage' (OnClassCondition)

   ReactorCoreAutoConfiguration:
      Did not match:
         - @ConditionalOnClass did not find required class 'reactor.core.publisher.Flux' (OnClassCondition)

   RedisAutoConfiguration:
      Did not match:
         - @ConditionalOnClass did not find required class 'org.springframework.data.redis.core.RedisOperations' (OnClassCondition)

   RedisCacheConfiguration:
      Did not match:
         - @ConditionalOnClass did not find required class 'org.springframework.data.redis.connection.RedisConnectionFactory' (OnClassCondition)

   RedisReactiveAutoConfiguration:
      Did not match:
         - @ConditionalOnClass did not find required class 'reactor.core.publisher.Flux' (OnClassCondition)

   RedisRepositoriesAutoConfiguration:
      Did not match:
         - @ConditionalOnClass did not find required class 'org.springframework.data.redis.repository.configuration.EnableRedisRepositories' (OnClassCondition)

   RepositoryRestMvcAutoConfiguration:
      Did not match:
         - @ConditionalOnClass did not find required class 'org.springframework.data.rest.webmvc.config.RepositoryRestMvcConfiguration' (OnClassCondition)

   RestClientAutoConfiguration:
      Did not match:
         - @ConditionalOnClass did not find required class 'org.elasticsearch.client.RestClient' (OnClassCondition)

   RestTemplateAutoConfiguration:
      Did not match:
         - @ConditionalOnClass did not find required class 'org.springframework.web.client.RestTemplate' (OnClassCondition)

   SecurityAutoConfiguration:
      Did not match:
         - @ConditionalOnClass did not find required class 'org.springframework.security.authentication.DefaultAuthenticationEventPublisher' (OnClassCondition)

   SecurityFilterAutoConfiguration:
      Did not match:
         - @ConditionalOnClass did not find required class 'org.springframework.security.config.http.SessionCreationPolicy' (OnClassCondition)

   SendGridAutoConfiguration:
      Did not match:
         - @ConditionalOnClass did not find required class 'com.sendgrid.SendGrid' (OnClassCondition)

   ServletWebServerFactoryAutoConfiguration:
      Did not match:
         - @ConditionalOnClass did not find required class 'javax.servlet.ServletRequest' (OnClassCondition)

   SessionAutoConfiguration:
      Did not match:
         - @ConditionalOnClass did not find required class 'org.springframework.session.Session' (OnClassCondition)

   SolrAutoConfiguration:
      Did not match:
         - @ConditionalOnClass did not find required class 'org.apache.solr.client.solrj.impl.CloudSolrClient' (OnClassCondition)

   SolrRepositoriesAutoConfiguration:
      Did not match:
         - @ConditionalOnClass did not find required class 'org.apache.solr.client.solrj.SolrClient' (OnClassCondition)

   SpringApplicationAdminJmxAutoConfiguration:
      Did not match:
         - @ConditionalOnProperty (spring.application.admin.enabled=true) did not find property 'enabled' (OnPropertyCondition)

   SpringDataWebAutoConfiguration:
      Did not match:
         - @ConditionalOnClass did not find required class 'org.springframework.data.web.PageableHandlerMethodArgumentResolver' (OnClassCondition)

   TaskSchedulingAutoConfiguration#taskScheduler:
      Did not match:
         - @ConditionalOnBean (names: org.springframework.context.annotation.internalScheduledAnnotationProcessor; SearchStrategy: all) did not find any beans named org.springframework.context.annotation.internalScheduledAnnotationProcessor (OnBeanCondition)

   ThymeleafAutoConfiguration:
      Did not match:
         - @ConditionalOnClass did not find required class 'org.thymeleaf.spring5.SpringTemplateEngine' (OnClassCondition)

   TransactionAutoConfiguration:
      Did not match:
         - @ConditionalOnClass did not find required class 'org.springframework.transaction.PlatformTransactionManager' (OnClassCondition)

   UserDetailsServiceAutoConfiguration:
      Did not match:
         - @ConditionalOnClass did not find required class 'org.springframework.security.authentication.AuthenticationManager' (OnClassCondition)

   ValidationAutoConfiguration:
      Did not match:
         - @ConditionalOnClass did not find required class 'javax.validation.executable.ExecutableValidator' (OnClassCondition)

   WebClientAutoConfiguration:
      Did not match:
         - @ConditionalOnClass did not find required class 'org.springframework.web.reactive.function.client.WebClient' (OnClassCondition)

   WebFluxAutoConfiguration:
      Did not match:
         - @ConditionalOnClass did not find required class 'org.springframework.web.reactive.config.WebFluxConfigurer' (OnClassCondition)

   WebMvcAutoConfiguration:
      Did not match:
         - @ConditionalOnClass did not find required class 'javax.servlet.Servlet' (OnClassCondition)

   WebServiceTemplateAutoConfiguration:
      Did not match:
         - @ConditionalOnClass did not find required class 'org.springframework.oxm.Marshaller' (OnClassCondition)

   WebServicesAutoConfiguration:
      Did not match:
         - @ConditionalOnClass did not find required class 'org.springframework.ws.transport.http.MessageDispatcherServlet' (OnClassCondition)

   WebSocketMessagingAutoConfiguration:
      Did not match:
         - @ConditionalOnClass did not find required class 'org.springframework.web.socket.config.annotation.WebSocketMessageBrokerConfigurer' (OnClassCondition)

   WebSocketReactiveAutoConfiguration:
      Did not match:
         - @ConditionalOnClass did not find required class 'javax.servlet.Servlet' (OnClassCondition)

   WebSocketServletAutoConfiguration:
      Did not match:
         - @ConditionalOnClass did not find required class 'javax.servlet.Servlet' (OnClassCondition)

   XADataSourceAutoConfiguration:
      Did not match:
         - @ConditionalOnClass did not find required class 'javax.transaction.TransactionManager' (OnClassCondition)


Exclusions:
-----------

    None


Unconditional classes:
----------------------

    org.springframework.boot.autoconfigure.context.ConfigurationPropertiesAutoConfiguration

    org.springframework.boot.autoconfigure.context.PropertyPlaceholderAutoConfiguration

    org.springframework.boot.autoconfigure.info.ProjectInfoAutoConfiguration



2020-07-13 13:59:54 INFO  StartApplication:59 - Started StartApplication in 1.509 seconds (JVM running for 2.173)
2020-07-13 13:59:54 INFO  StartApplication:36 - ApplicationRunner
2020-07-13 13:59:54 INFO  StartService:22 - test
2020-07-13 13:59:54 INFO  StartApplication:41 - CommandLineRunner
2020-07-13 13:59:54 INFO  StartService:22 - test
2020-07-13 13:59:54 DEBUG AnnotationConfigApplicationContext:1002 - Closing org.springframework.context.annotation.AnnotationConfigApplicationContext@782663d3, started on Mon Jul 13 13:59:53 CST 2020
2020-07-13 13:59:54 DEBUG AnnotationMBeanExporter:451 - Unregistering JMX-exposed beans on shutdown
2020-07-13 14:00:16 INFO  StartApplication:50 - Starting StartApplication on DESKTOP-9UT61AG with PID 37884 (E:\workspace\gitbook\zythum\spring-boot\target\classes started by eversec in E:\workspace\gitbook)
2020-07-13 14:00:16 INFO  StartApplication:648 - No active profile set, falling back to default profiles: default
2020-07-13 14:00:17 INFO  StartApplication:59 - Started StartApplication in 1.246 seconds (JVM running for 1.888)
2020-07-13 14:00:17 INFO  StartApplication:36 - ApplicationRunner
2020-07-13 14:00:17 INFO  StartService:22 - test
2020-07-13 14:00:17 INFO  StartApplication:41 - CommandLineRunner
2020-07-13 14:00:17 INFO  StartService:22 - test
2020-07-13 14:02:14 INFO  StartApplication:50 - Starting StartApplication on DESKTOP-9UT61AG with PID 33216 (E:\workspace\gitbook\zythum\spring-boot\target\classes started by eversec in E:\workspace\gitbook)
2020-07-13 14:02:14 INFO  StartApplication:648 - No active profile set, falling back to default profiles: default
2020-07-13 14:02:15 INFO  StartApplication:59 - Started StartApplication in 1.327 seconds (JVM running for 101.012)
2020-07-13 14:02:33 INFO  StartApplication:36 - ApplicationRunner
2020-07-13 14:02:57 INFO  StartService:22 - test
2020-07-13 14:02:57 INFO  StartApplication:41 - CommandLineRunner
2020-07-13 14:02:57 INFO  StartService:22 - test
2020-07-13 16:26:52 INFO  StartApplication:50 - Starting StartApplication on DESKTOP-9UT61AG with PID 35792 (E:\workspace\gitbook\zythum\spring-boot\target\classes started by eversec in E:\workspace\gitbook)
2020-07-13 16:26:52 INFO  StartApplication:648 - No active profile set, falling back to default profiles: default
2020-07-13 16:26:53 INFO  StartApplication:59 - Started StartApplication in 6.503 seconds (JVM running for 9.822)
2020-07-13 16:26:53 INFO  StartApplication:36 - ApplicationRunner
2020-07-13 16:26:53 INFO  StartService:22 - test
2020-07-13 16:26:53 INFO  StartApplication:41 - CommandLineRunner
2020-07-13 16:26:53 INFO  StartService:22 - test
2020-07-13 16:38:25 INFO  StartApplication:50 - Starting StartApplication on DESKTOP-9UT61AG with PID 37620 (E:\workspace\gitbook\zythum\spring-boot\target\classes started by eversec in E:\workspace\gitbook)
2020-07-13 16:38:25 INFO  StartApplication:648 - No active profile set, falling back to default profiles: default
2020-07-13 16:38:26 INFO  StartApplication:59 - Started StartApplication in 2.824 seconds (JVM running for 102.572)
2020-07-13 16:38:26 INFO  StartApplication:36 - ApplicationRunner
2020-07-13 16:38:26 INFO  StartService:22 - test
2020-07-13 16:38:26 INFO  StartApplication:41 - CommandLineRunner
2020-07-13 16:38:26 INFO  StartService:22 - test
2020-07-13 16:38:39 INFO  StartApplication:50 - Starting StartApplication on DESKTOP-9UT61AG with PID 38880 (E:\workspace\gitbook\zythum\spring-boot\target\classes started by eversec in E:\workspace\gitbook)
2020-07-13 16:38:39 INFO  StartApplication:648 - No active profile set, falling back to default profiles: default
2020-07-13 16:38:40 INFO  StartApplication:59 - Started StartApplication in 1.389 seconds (JVM running for 10.901)
2020-07-13 16:38:40 INFO  StartApplication:36 - ApplicationRunner
2020-07-13 16:38:40 INFO  StartService:22 - test
2020-07-13 16:38:40 INFO  StartApplication:41 - CommandLineRunner
2020-07-13 16:38:40 INFO  StartService:22 - test
2020-07-13 16:41:22 INFO  StartApplication:50 - Starting StartApplication on DESKTOP-9UT61AG with PID 29672 (E:\workspace\gitbook\zythum\spring-boot\target\classes started by eversec in E:\workspace\gitbook)
2020-07-13 16:41:22 INFO  StartApplication:648 - No active profile set, falling back to default profiles: default
2020-07-13 16:41:23 INFO  StartApplication:59 - Started StartApplication in 1.375 seconds (JVM running for 159.195)
2020-07-13 16:41:23 INFO  StartApplication:36 - ApplicationRunner
2020-07-13 16:41:23 INFO  StartService:22 - test
2020-07-13 16:41:23 INFO  StartApplication:41 - CommandLineRunner
2020-07-13 16:41:23 INFO  StartService:22 - test
2020-07-13 16:56:08 INFO  StartApplication:50 - Starting StartApplication on DESKTOP-9UT61AG with PID 28432 (E:\workspace\gitbook\zythum\spring-boot\target\classes started by eversec in E:\workspace\gitbook)
2020-07-13 16:56:08 INFO  StartApplication:648 - No active profile set, falling back to default profiles: default
2020-07-13 16:56:09 INFO  StartApplication:59 - Started StartApplication in 18.351 seconds (JVM running for 186.585)
2020-07-13 16:56:09 INFO  StartApplication:36 - ApplicationRunner
2020-07-13 16:56:09 INFO  StartService:22 - test
2020-07-13 16:56:09 INFO  StartApplication:41 - CommandLineRunner
2020-07-13 16:56:09 INFO  StartService:22 - test
